// Jest Snapshot v1, https://goo.gl/fbAQLP

exports[`Test AddProductForm using Shallow rendering renders correctly 1`] = `undefined`;
